  [ 1/67] query: SPME Arrow headspace
    + 25 papers (total 6399 matched)
  [ 2/67] query: solid phase microextraction Arrow
    + 25 papers (total 16988 matched)
  [ 3/67] query: SPME Arrow wine
    + 25 papers (total 1095 matched)
  [ 4/67] query: SPME Arrow versus fiber comparison
    + 19 papers (total 19 matched)
  [ 5/67] query: DVB CWR PDMS Arrow sorbent
    + 8 papers (total 8 matched)
  [ 6/67] query: SPME Arrow extraction capacity
    + 25 papers (total 449 matched)
  [ 7/67] query: SPME Arrow geometry phase ratio
    + 15 papers (total 15 matched)
  [ 8/67] query: SPME Arrow validation
    + 25 papers (total 1549 matched)
  [ 9/67] query: SPME Arrow flavor analysis
    + 25 papers (total 1700 matched)
  [10/67] query: SPME Arrow volatile compounds beverage
    + 25 papers (total 274 matched)
  [11/67] query: headspace SPME wine GC-MS
    + 25 papers (total 5071 matched)
  [12/67] query: HS-SPME wine optimization
    + 25 papers (total 1705 matched)
  [13/67] query: DVB CAR PDMS fiber wine
    + 25 papers (total 427 matched)
  [14/67] query: SPME wine extraction temperature time NaCl
    + 25 papers (total 2646 matched)
  [15/67] query: SPME ethanol matrix wine
    + 25 papers (total 378 matched)
  [16/67] query: SPME extraction isotherm kinetics wine
    + 12 papers (total 12 matched)
  [17/67] query: stir bar sorptive extraction SBSE wine
    + 25 papers (total 1449 matched)
  [18/67] query: Cabernet Sauvignon aroma volatile
    + 25 papers (total 814 matched)
  [19/67] query: Cabernet Sauvignon GC-MS
    + 25 papers (total 444 matched)
  [20/67] query: Cabernet Sauvignon methoxypyrazine IBMP
    + 25 papers (total 80 matched)
  [21/67] query: Cabernet Sauvignon norisoprenoid damascenone
    + 25 papers (total 93 matched)
  [22/67] query: Cabernet Sauvignon ester profile
    + 25 papers (total 805 matched)
  [23/67] query: red wine volatile fingerprint
    + 25 papers (total 1553 matched)
  [24/67] query: Bordeaux wine volatile profile
    + 25 papers (total 1848 matched)
  [25/67] query: wine appellation aroma differentiation
    + 25 papers (total 344 matched)
  [26/67] query: 3-isobutyl-2-methoxypyrazine IBMP wine
    + 25 papers (total 333 matched)
  [27/67] query: isopropyl methoxypyrazine IPMP grape
    + 25 papers (total 92 matched)
  [28/67] query: beta-damascenone wine norisoprenoid
    + 25 papers (total 111 matched)
  [29/67] query: beta-ionone wine
    + 25 papers (total 767 matched)
  [30/67] query: TDN trimethyldihydronaphthalene wine
    + 25 papers (total 70 matched)
  [31/67] query: vitispirane Riesling wine
    + 25 papers (total 687 matched)
  [32/67] query: wine ester fermentation hexyl acetate ethyl octanoate
    + 25 papers (total 624 matched)
  [33/67] query: linalool alpha-terpineol wine terpenoid
    + 25 papers (total 30 matched)
  [34/67] query: varietal thiol 3-mercaptohexanol wine
    + 25 papers (total 118 matched)
  [35/67] query: 4-mercapto-4-methylpentan-2-one 4MMP wine
    + 25 papers (total 95 matched)
  [36/67] query: TCA trichloroanisole cork taint wine
    + 25 papers (total 117 matched)
  [37/67] query: TBA tribromoanisole wine
    + 25 papers (total 106 matched)
  [38/67] query: geosmin earthy wine off-flavor
    + 25 papers (total 96 matched)
  [39/67] query: Brettanomyces 4-ethylphenol 4-ethylguaiacol wine
    + 25 papers (total 339 matched)
  [40/67] query: smoke taint guaiacol wine
    + 25 papers (total 160 matched)
  [41/67] query: smoke taint cresol syringol wine
    + 25 papers (total 27 matched)
  [42/67] query: DMS dimethyl sulfide wine
    + 25 papers (total 1200 matched)
  [43/67] query: wine mercaptan reductive off-flavor
    + 25 papers (total 37 matched)
  [44/67] query: hydrogen sulfide H2S wine
    + 25 papers (total 13417 matched)
  [45/67] query: GC-MS/MS MRM wine volatile
    + 25 papers (total 30916 matched)
  [46/67] query: triple quadrupole MRM optimization wine
    + 25 papers (total 267 matched)
  [47/67] query: collision energy optimization GC-MS/MS
    + 25 papers (total 22362 matched)
  [48/67] query: scheduled MRM dwell time cycle
    + 25 papers (total 42 matched)
  [49/67] query: GC tandem MS quantification volatile
    + 25 papers (total 4609 matched)
  [50/67] query: MRM transition selectivity ion ratio
    + 25 papers (total 1087 matched)
  [51/67] query: GC-MS/MS pesticide residue wine
    + 25 papers (total 15588 matched)
  [52/67] query: isotope dilution mass spectrometry wine
    + 25 papers (total 5326 matched)
  [53/67] query: wine method validation linearity LOD LOQ
    + 25 papers (total 18883 matched)
  [54/67] query: matrix effect SPME wine
    + 25 papers (total 823 matched)
  [55/67] query: recovery spike wine GC-MS
    + 25 papers (total 2571 matched)
  [56/67] query: intermediate precision wine analysis
    + 25 papers (total 3063 matched)
  [57/67] query: ICH Q2 R2 analytical method validation
    + 25 papers (total 9971 matched)
  [58/67] query: AOAC SMPR analytical validation
    + 25 papers (total 429 matched)
  [59/67] query: EURACHEM analytical validation guide
    + 25 papers (total 2119 matched)
  [60/67] query: Box-Behnken design SPME wine
    + 25 papers (total 159 matched)
  [61/67] query: central composite design CCD SPME
    + 25 papers (total 10260 matched)
  [62/67] query: Plackett-Burman screening wine extraction
    + 25 papers (total 199 matched)
  [63/67] query: response surface methodology SPME
    + 25 papers (total 77607 matched)
  [64/67] query: desirability function multi-response SPME
    + 25 papers (total 858 matched)
  [65/67] query: PCA OPLS-DA wine volatile profile
    + 25 papers (total 1276 matched)
  [66/67] query: chemometrics wine GC-MS
    + 25 papers (total 4031 matched)
  [67/67] query: discriminant analysis appellation wine
    + 25 papers (total 810 matched)
  openalex: 67 queries (year_from=2005)
    + openalex contributed 922 new (errors 0)
  seed papers: 16
    + seed DOI:10.1021/ac00218a019
    + seed DOI:10.1016/j.chroma.2007.10.071
    + seed DOI:10.1007/s00216-015-9168-2
    + seed DOI:10.1007/s00216-015-8973-y
    + seed DOI:10.1016/j.aca.2018.05.041
    + seed DOI:10.1039/B714455P
kernel.scholar: get paper failed: get paper raised: SemanticScholarNotFoundError: 404: {"error":"Paper with id DOI:10.1021/jf990521l not found"}

    !! seed DOI:10.1021/jf990521l: not_found: get paper raised: SemanticScholarNotFoundError: 404: {"error":"Paper with id DOI:10.1021/jf990521l not found"}

    + seed DOI:10.1016/j.chroma.2005.12.060
    + seed DOI:10.1002/jsfa.2740570102
kernel.scholar: get paper failed: get paper raised: SemanticScholarNotFoundError: 404: {"error":"Paper with id DOI:10.1021/jf950932b not found"}

    !! seed DOI:10.1021/jf950932b: not_found: get paper raised: SemanticScholarNotFoundError: 404: {"error":"Paper with id DOI:10.1021/jf950932b not found"}

    + seed DOI:10.1021/jf970782o
kernel.scholar: get paper failed: get paper raised: SemanticScholarNotFoundError: 404: {"error":"Paper with id DOI:10.1021/jf960345r not found"}

    !! seed DOI:10.1021/jf960345r: not_found: get paper raised: SemanticScholarNotFoundError: 404: {"error":"Paper with id DOI:10.1021/jf960345r not found"}

kernel.scholar: get paper failed: get paper raised: SemanticScholarNotFoundError: 404: {"error":"Paper with id DOI:10.1021/jf070662f not found"}

    !! seed DOI:10.1021/jf070662f: not_found: get paper raised: SemanticScholarNotFoundError: 404: {"error":"Paper with id DOI:10.1021/jf070662f not found"}

kernel.scholar: get paper failed: get paper raised: SemanticScholarNotFoundError: 404: {"error":"Paper with id DOI:10.1021/jf020332y not found"}

    !! seed DOI:10.1021/jf020332y: not_found: get paper raised: SemanticScholarNotFoundError: 404: {"error":"Paper with id DOI:10.1021/jf020332y not found"}

    + seed DOI:10.1016/j.chroma.2014.09.064
    + seed DOI:10.1016/j.foodchem.2019.04.017
  recommendations from 16 seeds
    + 0 from DOI:10.1021/ac00218a019
    + 0 from DOI:10.1016/j.chroma.2007.10.071
    + 0 from DOI:10.1007/s00216-015-9168-2
    + 0 from DOI:10.1007/s00216-015-8973-y
    + 0 from DOI:10.1016/j.aca.2018.05.041
    + 0 from DOI:10.1039/B714455P
kernel.scholar: get recommendations failed: get recommendations raised: SemanticScholarNotFoundError: 404: {"error":"Paper with id DOI:10.1021/jf990521l not found"}

    !! recs DOI:10.1021/jf990521l: not_found: get recommendations raised: SemanticScholarNotFoundError: 404: {"error":"Paper with id DOI:10.1021/jf990521l not found"}
    + 0 from DOI:10.1016/j.chroma.2005.12.060
    + 0 from DOI:10.1002/jsfa.2740570102
kernel.scholar: get recommendations failed: get recommendations raised: SemanticScholarNotFoundError: 404: {"error":"Paper with id DOI:10.1021/jf950932b not found"}

    !! recs DOI:10.1021/jf950932b: not_found: get recommendations raised: SemanticScholarNotFoundError: 404: {"error":"Paper with id DOI:10.1021/jf950932b not found"}
    + 20 from DOI:10.1021/jf970782o
kernel.scholar: get recommendations failed: get recommendations raised: SemanticScholarNotFoundError: 404: {"error":"Paper with id DOI:10.1021/jf960345r not found"}

    !! recs DOI:10.1021/jf960345r: not_found: get recommendations raised: SemanticScholarNotFoundError: 404: {"error":"Paper with id DOI:10.1021/jf960345r not found"}
kernel.scholar: get recommendations failed: get recommendations raised: SemanticScholarNotFoundError: 404: {"error":"Paper with id DOI:10.1021/jf070662f not found"}

    !! recs DOI:10.1021/jf070662f: not_found: get recommendations raised: SemanticScholarNotFoundError: 404: {"error":"Paper with id DOI:10.1021/jf070662f not found"}
kernel.scholar: get recommendations failed: get recommendations raised: SemanticScholarNotFoundError: 404: {"error":"Paper with id DOI:10.1021/jf020332y not found"}

    !! recs DOI:10.1021/jf020332y: not_found: get recommendations raised: SemanticScholarNotFoundError: 404: {"error":"Paper with id DOI:10.1021/jf020332y not found"}
    + 0 from DOI:10.1016/j.chroma.2014.09.064
    + 0 from DOI:10.1016/j.foodchem.2019.04.017
  authors: 28
    + 3 from Janusz Pawliszyn (1 new)
    + 25 from Heather Lord (22 new)
    + 25 from Sanka N. Atapattu (25 new)
    + 5 from Sahar Khaled (5 new)
    + 25 from Heli Sirén (25 new)
    !! author resolve Antti M. Helin: no hits: 
    + 25 from Kari Hartonen (17 new)
    + 25 from Marja-Liisa Riekkola (14 new)
    + 25 from Susan E. Ebeler (24 new)
    + 25 from Andrew L. Waterhouse (25 new)
    + 4 from Vicente Ferreira (4 new)
    + 11 from Juan Cacho (6 new)
    + 14 from Jose S. Câmara (12 new)
    + 25 from Hildegarde Heymann (21 new)
    + 25 from Mark A. Sefton (23 new)
    + 25 from George Skouroumounis (15 new)
    !! author resolve Doug Rauhut: no hits: 
    !! author resolve Mark J. Krasnow: no hits: 
    + 25 from Mango Parker (21 new)
    + 10 from Wessel J. du Toit (8 new)
    + 19 from Pascal Chatonnet (15 new)
    + 25 from Kerry L. Wilkinson (17 new)
    + 4 from Yoji Hayasaka (4 new)
    + 11 from Markus Herderich (2 new)
    + 13 from Renata Ristic (5 new)
    + 7 from Gary J. Pickering (7 new)
    !! author resolve Edoardo Schubert: no hits: 
    + 25 from Élisabeth Guichard (25 new)
  starred-sticky: +1 pulled in
  velocity: collecting signals for top 100
    hn: 2503.13657  306pts  https://news.ycombinator.com/item?id=26706424
    hf_daily 2026-05-13: 33 papers
    hf_daily 2026-05-12: 50 papers
    hf_daily 2026-05-11: 50 papers
    hf_daily 2026-05-08: 37 papers
    hf_daily 2026-05-07: 25 papers
    hf_daily 2026-05-06: 23 papers
    hf_daily 2026-05-05: 25 papers
    hf_daily 2026-05-04: 21 papers
    hf_daily 2026-05-01: 24 papers
    hf_daily 2026-04-30: 18 papers
    hf_daily 2026-04-29: 22 papers
    hf_daily 2026-04-28: 35 papers
    hf_daily 2026-04-27: 16 papers
    hf_daily 2026-04-24: 22 papers
    hf_daily 2026-04-23: 30 papers
    hf_daily 2026-04-22: 37 papers
    hf_daily 2026-04-21: 49 papers
    hf_daily 2026-04-20: 28 papers
    hf_daily 2026-04-17: 29 papers
    hf_daily 2026-04-16: 33 papers
    hf_daily 2026-04-15: 40 papers
    hf_daily 2026-04-14: 47 papers
    hf_daily 2026-04-13: 29 papers
    hf_daily 2026-04-10: 41 papers
    hf_daily 2026-04-09: 29 papers
    hf_daily 2026-04-08: 30 papers
    hf_daily 2026-04-07: 37 papers
    hf_daily 2026-04-06: 17 papers
    hf_daily 2026-04-03: 45 papers
    hf_daily 2026-04-02: 30 papers
    hf_daily 2026-04-01: 43 papers
    hf_daily 2026-03-31: 35 papers
    hf_daily 2026-03-30: 15 papers
    hf_daily 2026-03-27: 29 papers
    hf_daily 2026-03-26: 22 papers
    hf_daily 2026-03-25: 34 papers
    hf_daily 2026-03-24: 41 papers
    hf_daily 2026-03-23: 37 papers
    hf_daily 2026-03-20: 32 papers
    hf_daily 2026-03-19: 33 papers
    hf_daily 2026-03-18: 50 papers
    hf_daily 2026-03-17: 46 papers
    hf_daily 2026-03-16: 31 papers
    hf: 2503.13657  362gh 49hf daily
    + 2 signal hits across hn/hf/github

wrote 250 papers to C:\Users\jtole\Documents\2026\life\data\research\papers\wine-spme-gcms.jsonl
summary: C:\Users\jtole\Documents\2026\life\data\research\papers\wine-spme-gcms.run.json

run summary: 2650 unique → 250 kept (top 250)

→ syncing to embed farm
Found 5 JSONL files in C:\Users\jtole\Documents\2026\life\data\research\papers
  agent-harnesses: 200 seen, 0 new
  electrobiology: 250 seen, 0 new
  flow-based-programming: 200 seen, 0 new
  sooth-forecasting: 200 seen, 0 new
  wine-spme-gcms: 250 seen, 249 new

Total: 1100 seen, 249 inserted, 851 already existed
In DB: 9204 papers, 249 pending embedding
  249 new paper(s) queued, 249 total pending — workers will embed in background
